2mm 4316.596ms
3mm 6518.627ms
adi 10453.212ms
atax 100.045ms
bicg 80.473ms
cholesky 21060.204ms
correlation 5566.443ms
covariance 5567.659ms
deriche 4477.302ms
doitgen 2667.978ms
durbin 30.675ms
fdtd-2d 4256.942ms
floyd-warshall 27871.948ms
gemm 2126.686ms
gemver 90.730ms
gesummv 58.439ms
gramschmidt 6292.613ms
heat-3d 5195.261ms
jacobi_1d 25.698ms
jacobi-2d 3738.725ms
ludcmp 22996.614ms
lu 24925.970ms
mvt 82.479ms
nussinov 5660.515ms
seidel-2d 18193.820ms
symm 2612.498ms
syr2k 3469.244ms
syrk 1896.990ms
trisolv 54.237ms
trmm 2191.770ms
Wrote /workspace/artifacts/r1/polybench_timing_dtvm_multipass_20261008_120140.csv
POLY_DONE
